// Jest Snapshot v1, https://goo.gl/fbAQLP

exports[`Home component renders the Home component 1`] = `
<section
  className="Home"
>
  <NavBar />
  <div
    className="homeContainer"
  >
    <div
      className="logo"
    >
      <img
        alt="mindDrift logo"
        src="test-file-stub"
      />
      <section
        className="headerText"
      >
        <h2>
          mind
        </h2>
        <h3>
          Drift
        </h3>
      </section>
    </div>
    <div
      className="linksContainer"
    >
      <Link
        to="/breathe"
      >
        <button
          className="breatheButton"
        >
          Breathe
        </button>
      </Link>
      <Link
        to="/settings"
      >
        <button
          className="setupButton"
        >
          Setup
        </button>
      </Link>
    </div>
  </div>
</section>
`;
